
> frontend@0.0.0 build
> vite build

[36mvite v7.3.3 [32mbuilding client environment for production...[36m[39m
transforming...
Found 7 warnings while optimizing generated CSS:

Issue #1:
Ôöé   }
Ôöé }
Ôöé @import url('https://fonts.googleapis.com/css2?family=Bodoni+Moda:ital,opsz,wght@0,6..96,400..900;1,6..96,400..900&family=Instrument+Serif:ital@0;1&family=Inter:ital,opsz,wght@0,14..32,100..900;1,14..32,100..900&family=Montserrat:ital,wght@0,100..900;1,100..900&family=Outfit:wght@100..900&family=Playfair+Display:ital,wght@0,400..900;1,400..900&family=Quicksand:wght@300..700&family=Rubik:ital,wght@0,300..900;1,300..900&display=swap');
Ôöå        ^-- @import rules must precede all rules aside from @charset and @layer statements
Ôöå
Ôöé @import url('https://fonts.googleapis.com/css2?family=Alex+Brush&family=Bodoni+Moda:ital,opsz,wght@0,6..96,400..900;1,6..96,400..900&family=Great+Vibes&family=Instrument+Serif:ital@0;1&family=Inter:ital,opsz,wght@0,14..32,100..900;1,14..32,100..900&family=Merriweather:ital,opsz,wght@0,18..144,300..900;1,18..144,300..900&family=Montserrat:ital,wght@0,100..900;1,100..900&family=Outfit:wght@100..900&family=Playfair+Display:ital,wght@0,400..900;1,400..900&family=Quicksand:wght@300..700&family=Rubik:ital,wght@0,300..900;1,300..900&display=swap');
Ôöé @import url('https://fonts.googleapis.com/css2?family=Alex+Brush&family=Bodoni+Moda:ital,opsz,wght@0,6..96,400..900;1,6..96,400..900&family=Great+Vibes&family=Instrument+Serif:ital@0;1&family=Inter:ital,opsz,wght@0,14..32,100..900;1,14..32,100..900&family=Merriweather:ital,opsz,wght@0,18..144,300..900;1,18..144,300..900&family=Montserrat:ital,wght@0,100..900;1,100..900&family=Outfit:wght@100..900&family=Playfair+Display:ital,wght@0,400..900;1,400..900&family=Quicksand:wght@300..700&family=Rubik:ital,wght@0,300..900;1,300..900&family=Smooch+Sans:wght@100..900&display=swap');

Issue #2:
Ôöé }
Ôöé @import url('https://fonts.googleapis.com/css2?family=Bodoni+Moda:ital,opsz,wght@0,6..96,400..900;1,6..96,400..900&family=Instrument+Serif:ital@0;1&family=Inter:ital,opsz,wght@0,14..32,100..900;1,14..32,100..900&family=Montserrat:ital,wght@0,100..900;1,100..900&family=Outfit:wght@100..900&family=Playfair+Display:ital,wght@0,400..900;1,400..900&family=Quicksand:wght@300..700&family=Rubik:ital,wght@0,300..900;1,300..900&display=swap');
Ôöé @import url('https://fonts.googleapis.com/css2?family=Alex+Brush&family=Bodoni+Moda:ital,opsz,wght@0,6..96,400..900;1,6..96,400..900&family=Great+Vibes&family=Instrument+Serif:ital@0;1&family=Inter:ital,opsz,wght@0,14..32,100..900;1,14..32,100..900&family=Merriweather:ital,opsz,wght@0,18..144,300..900;1,18..144,300..900&family=Montserrat:ital,wght@0,100..900;1,100..900&family=Outfit:wght@100..900&family=Playfair+Display:ital,wght@0,400..900;1,400..900&family=Quicksand:wght@300..700&family=Rubik:ital,wght@0,300..900;1,300..900&display=swap');
Ôöå        ^-- @import rules must precede all rules aside from @charset and @layer statements
Ôöå
Ôöé @import url('https://fonts.googleapis.com/css2?family=Alex+Brush&family=Bodoni+Moda:ital,opsz,wght@0,6..96,400..900;1,6..96,400..900&family=Great+Vibes&family=Instrument+Serif:ital@0;1&family=Inter:ital,opsz,wght@0,14..32,100..900;1,14..32,100..900&family=Merriweather:ital,opsz,wght@0,18..144,300..900;1,18..144,300..900&family=Montserrat:ital,wght@0,100..900;1,100..900&family=Outfit:wght@100..900&family=Playfair+Display:ital,wght@0,400..900;1,400..900&family=Quicksand:wght@300..700&family=Rubik:ital,wght@0,300..900;1,300..900&family=Smooch+Sans:wght@100..900&display=swap');
Ôöé @import url('https://fonts.googleapis.com/css2?family=Alex+Brush&family=Barlow+Condensed:ital,wght@0,100;0,200;0,300;0,400;0,500;0,600;0,700;0,800;0,900;1,100;1,200;1,300;1,400;1,500;1,600;1,700;1,800;1,900&family=Bodoni+Moda:ital,opsz,wght@0,6..96,400..900;1,6..96,400..900&family=Great+Vibes&family=Instrument+Serif:ital@0;1&family=Inter:ital,opsz,wght@0,14..32,100..900;1,14..32,100..900&family=Merriweather:ital,opsz,wght@0,18..144,300..900;1,18..144,300..900&family=Montserrat:ital,wght@0,100..900;1,100..900&family=Outfit:wght@100..900&family=Playfair+Display:ital,wght@0,400..900;1,400..900&family=Quicksand:wght@300..700&family=Rubik:ital,wght@0,300..900;1,300..900&family=Smooch+Sans:wght@100..900&display=swap');

Issue #3:
Ôöé @import url('https://fonts.googleapis.com/css2?family=Bodoni+Moda:ital,opsz,wght@0,6..96,400..900;1,6..96,400..900&family=Instrument+Serif:ital@0;1&family=Inter:ital,opsz,wght@0,14..32,100..900;1,14..32,100..900&family=Montserrat:ital,wght@0,100..900;1,100..900&family=Outfit:wght@100..900&family=Playfair+Display:ital,wght@0,400..900;1,400..900&family=Quicksand:wght@300..700&family=Rubik:ital,wght@0,300..900;1,300..900&display=swap');
Ôöé @import url('https://fonts.googleapis.com/css2?family=Alex+Brush&family=Bodoni+Moda:ital,opsz,wght@0,6..96,400..900;1,6..96,400..900&family=Great+Vibes&family=Instrument+Serif:ital@0;1&family=Inter:ital,opsz,wght@0,14..32,100..900;1,14..32,100..900&family=Merriweather:ital,opsz,wght@0,18..144,300..900;1,18..144,300..900&family=Montserrat:ital,wght@0,100..900;1,100..900&family=Outfit:wght@100..900&family=Playfair+Display:ital,wght@0,400..900;1,400..900&family=Quicksand:wght@300..700&family=Rubik:ital,wght@0,300..900;1,300..900&display=swap');
Ôöé @import url('https://fonts.googleapis.com/css2?family=Alex+Brush&family=Bodoni+Moda:ital,opsz,wght@0,6..96,400..900;1,6..96,400..900&family=Great+Vibes&family=Instrument+Serif:ital@0;1&family=Inter:ital,opsz,wght@0,14..32,100..900;1,14..32,100..900&family=Merriweather:ital,opsz,wght@0,18..144,300..900;1,18..144,300..900&family=Montserrat:ital,wght@0,100..900;1,100..900&family=Outfit:wght@100..900&family=Playfair+Display:ital,wght@0,400..900;1,400..900&family=Quicksand:wght@300..700&family=Rubik:ital,wght@0,300..900;1,300..900&family=Smooch+Sans:wght@100..900&display=swap');
Ôöå        ^-- @import rules must precede all rules aside from @charset and @layer statements
Ôöå
Ôöé @import url('https://fonts.googleapis.com/css2?family=Alex+Brush&family=Barlow+Condensed:ital,wght@0,100;0,200;0,300;0,400;0,500;0,600;0,700;0,800;0,900;1,100;1,200;1,300;1,400;1,500;1,600;1,700;1,800;1,900&family=Bodoni+Moda:ital,opsz,wght@0,6..96,400..900;1,6..96,400..900&family=Great+Vibes&family=Instrument+Serif:ital@0;1&family=Inter:ital,opsz,wght@0,14..32,100..900;1,14..32,100..900&family=Merriweather:ital,opsz,wght@0,18..144,300..900;1,18..144,300..900&family=Montserrat:ital,wght@0,100..900;1,100..900&family=Outfit:wght@100..900&family=Playfair+Display:ital,wght@0,400..900;1,400..900&family=Quicksand:wght@300..700&family=Rubik:ital,wght@0,300..900;1,300..900&family=Smooch+Sans:wght@100..900&display=swap');
Ôöé @import url('https://fonts.googleapis.com/css2?family=Alex+Brush&family=Barlow+Condensed:ital,wght@0,100;0,200;0,300;0,400;0,500;0,600;0,700;0,800;0,900;1,100;1,200;1,300;1,400;1,500;1,600;1,700;1,800;1,900&family=Bodoni+Moda:ital,opsz,wght@0,6..96,400..900;1,6..96,400..900&family=Great+Vibes&family=Instrument+Serif:ital@0;1&family=Inter:ital,opsz,wght@0,14..32,100..900;1,14..32,100..900&family=Merriweather:ital,opsz,wght@0,18..144,300..900;1,18..144,300..900&family=Montserrat:ital,wght@0,100..900;1,100..900&family=Oswald:wght@200..700&family=Outfit:wght@100..900&family=Playfair+Display:ital,wght@0,400..900;1,400..900&family=Quicksand:wght@300..700&family=Rubik:ital,wght@0,300..900;1,300..900&family=Smooch+Sans:wght@100..900&display=swap');

Issue #4:
Ôöé @import url('https://fonts.googleapis.com/css2?family=Alex+Brush&family=Bodoni+Moda:ital,opsz,wght@0,6..96,400..900;1,6..96,400..900&family=Great+Vibes&family=Instrument+Serif:ital@0;1&family=Inter:ital,opsz,wght@0,14..32,100..900;1,14..32,100..900&family=Merriweather:ital,opsz,wght@0,18..144,300..900;1,18..144,300..900&family=Montserrat:ital,wght@0,100..900;1,100..900&family=Outfit:wght@100..900&family=Playfair+Display:ital,wght@0,400..900;1,400..900&family=Quicksand:wght@300..700&family=Rubik:ital,wght@0,300..900;1,300..900&display=swap');
Ôöé @import url('https://fonts.googleapis.com/css2?family=Alex+Brush&family=Bodoni+Moda:ital,opsz,wght@0,6..96,400..900;1,6..96,400..900&family=Great+Vibes&family=Instrument+Serif:ital@0;1&family=Inter:ital,opsz,wght@0,14..32,100..900;1,14..32,100..900&family=Merriweather:ital,opsz,wght@0,18..144,300..900;1,18..144,300..900&family=Montserrat:ital,wght@0,100..900;1,100..900&family=Outfit:wght@100..900&family=Playfair+Display:ital,wght@0,400..900;1,400..900&family=Quicksand:wght@300..700&family=Rubik:ital,wght@0,300..900;1,300..900&family=Smooch+Sans:wght@100..900&display=swap');
Ôöé @import url('https://fonts.googleapis.com/css2?family=Alex+Brush&family=Barlow+Condensed:ital,wght@0,100;0,200;0,300;0,400;0,500;0,600;0,700;0,800;0,900;1,100;1,200;1,300;1,400;1,500;1,600;1,700;1,800;1,900&family=Bodoni+Moda:ital,opsz,wght@0,6..96,400..900;1,6..96,400..900&family=Great+Vibes&family=Instrument+Serif:ital@0;1&family=Inter:ital,opsz,wght@0,14..32,100..900;1,14..32,100..900&family=Merriweather:ital,opsz,wght@0,18..144,300..900;1,18..144,300..900&family=Montserrat:ital,wght@0,100..900;1,100..900&family=Outfit:wght@100..900&family=Playfair+Display:ital,wght@0,400..900;1,400..900&family=Quicksand:wght@300..700&family=Rubik:ital,wght@0,300..900;1,300..900&family=Smooch+Sans:wght@100..900&display=swap');
Ôöå        ^-- @import rules must precede all rules aside from @charset and @layer statements
Ôöå
Ôöé @import url('https://fonts.googleapis.com/css2?family=Alex+Brush&family=Barlow+Condensed:ital,wght@0,100;0,200;0,300;0,400;0,500;0,600;0,700;0,800;0,900;1,100;1,200;1,300;1,400;1,500;1,600;1,700;1,800;1,900&family=Bodoni+Moda:ital,opsz,wght@0,6..96,400..900;1,6..96,400..900&family=Great+Vibes&family=Instrument+Serif:ital@0;1&family=Inter:ital,opsz,wght@0,14..32,100..900;1,14..32,100..900&family=Merriweather:ital,opsz,wght@0,18..144,300..900;1,18..144,300..900&family=Montserrat:ital,wght@0,100..900;1,100..900&family=Oswald:wght@200..700&family=Outfit:wght@100..900&family=Playfair+Display:ital,wght@0,400..900;1,400..900&family=Quicksand:wght@300..700&family=Rubik:ital,wght@0,300..900;1,300..900&family=Smooch+Sans:wght@100..900&display=swap');
Ôöé @import url('https://fonts.googleapis.com/css2?family=Syne:wght@400;700;800&family=Outfit:wght@300;400;500&display=swap');

Issue #5:
Ôöé @import url('https://fonts.googleapis.com/css2?family=Alex+Brush&family=Bodoni+Moda:ital,opsz,wght@0,6..96,400..900;1,6..96,400..900&family=Great+Vibes&family=Instrument+Serif:ital@0;1&family=Inter:ital,opsz,wght@0,14..32,100..900;1,14..32,100..900&family=Merriweather:ital,opsz,wght@0,18..144,300..900;1,18..144,300..900&family=Montserrat:ital,wght@0,100..900;1,100..900&family=Outfit:wght@100..900&family=Playfair+Display:ital,wght@0,400..900;1,400..900&family=Quicksand:wght@300..700&family=Rubik:ital,wght@0,300..900;1,300..900&family=Smooch+Sans:wght@100..900&display=swap');
Ôöé @import url('https://fonts.googleapis.com/css2?family=Alex+Brush&family=Barlow+Condensed:ital,wght@0,100;0,200;0,300;0,400;0,500;0,600;0,700;0,800;0,900;1,100;1,200;1,300;1,400;1,500;1,600;1,700;1,800;1,900&family=Bodoni+Moda:ital,opsz,wght@0,6..96,400..900;1,6..96,400..900&family=Great+Vibes&family=Instrument+Serif:ital@0;1&family=Inter:ital,opsz,wght@0,14..32,100..900;1,14..32,100..900&family=Merriweather:ital,opsz,wght@0,18..144,300..900;1,18..144,300..900&family=Montserrat:ital,wght@0,100..900;1,100..900&family=Outfit:wght@100..900&family=Playfair+Display:ital,wght@0,400..900;1,400..900&family=Quicksand:wght@300..700&family=Rubik:ital,wght@0,300..900;1,300..900&family=Smooch+Sans:wght@100..900&display=swap');
Ôöé @import url('https://fonts.googleapis.com/css2?family=Alex+Brush&family=Barlow+Condensed:ital,wght@0,100;0,200;0,300;0,400;0,500;0,600;0,700;0,800;0,900;1,100;1,200;1,300;1,400;1,500;1,600;1,700;1,800;1,900&family=Bodoni+Moda:ital,opsz,wght@0,6..96,400..900;1,6..96,400..900&family=Great+Vibes&family=Instrument+Serif:ital@0;1&family=Inter:ital,opsz,wght@0,14..32,100..900;1,14..32,100..900&family=Merriweather:ital,opsz,wght@0,18..144,300..900;1,18..144,300..900&family=Montserrat:ital,wght@0,100..900;1,100..900&family=Oswald:wght@200..700&family=Outfit:wght@100..900&family=Playfair+Display:ital,wght@0,400..900;1,400..900&family=Quicksand:wght@300..700&family=Rubik:ital,wght@0,300..900;1,300..900&family=Smooch+Sans:wght@100..900&display=swap');
Ôöå        ^-- @import rules must precede all rules aside from @charset and @layer statements
Ôöå
Ôöé @import url('https://fonts.googleapis.com/css2?family=Syne:wght@400;700;800&family=Outfit:wght@300;400;500&display=swap');
Ôöé @import url('https://fonts.googleapis.com/css2?family=Outfit:wght@300;400;500;600;700&display=swap');

Issue #6:
Ôöé @import url('https://fonts.googleapis.com/css2?family=Alex+Brush&family=Barlow+Condensed:ital,wght@0,100;0,200;0,300;0,400;0,500;0,600;0,700;0,800;0,900;1,100;1,200;1,300;1,400;1,500;1,600;1,700;1,800;1,900&family=Bodoni+Moda:ital,opsz,wght@0,6..96,400..900;1,6..96,400..900&family=Great+Vibes&family=Instrument+Serif:ital@0;1&family=Inter:ital,opsz,wght@0,14..32,100..900;1,14..32,100..900&family=Merriweather:ital,opsz,wght@0,18..144,300..900;1,18..144,300..900&family=Montserrat:ital,wght@0,100..900;1,100..900&family=Outfit:wght@100..900&family=Playfair+Display:ital,wght@0,400..900;1,400..900&family=Quicksand:wght@300..700&family=Rubik:ital,wght@0,300..900;1,300..900&family=Smooch+Sans:wght@100..900&display=swap');
Ôöé @import url('https://fonts.googleapis.com/css2?family=Alex+Brush&family=Barlow+Condensed:ital,wght@0,100;0,200;0,300;0,400;0,500;0,600;0,700;0,800;0,900;1,100;1,200;1,300;1,400;1,500;1,600;1,700;1,800;1,900&family=Bodoni+Moda:ital,opsz,wght@0,6..96,400..900;1,6..96,400..900&family=Great+Vibes&family=Instrument+Serif:ital@0;1&family=Inter:ital,opsz,wght@0,14..32,100..900;1,14..32,100..900&family=Merriweather:ital,opsz,wght@0,18..144,300..900;1,18..144,300..900&family=Montserrat:ital,wght@0,100..900;1,100..900&family=Oswald:wght@200..700&family=Outfit:wght@100..900&family=Playfair+Display:ital,wght@0,400..900;1,400..900&family=Quicksand:wght@300..700&family=Rubik:ital,wght@0,300..900;1,300..900&family=Smooch+Sans:wght@100..900&display=swap');
Ôöé @import url('https://fonts.googleapis.com/css2?family=Syne:wght@400;700;800&family=Outfit:wght@300;400;500&display=swap');
Ôöå        ^-- @import rules must precede all rules aside from @charset and @layer statements
Ôöå
Ôöé @import url('https://fonts.googleapis.com/css2?family=Outfit:wght@300;400;500;600;700&display=swap');
Ôöé nav {

Issue #7:
Ôöé @import url('https://fonts.googleapis.com/css2?family=Alex+Brush&family=Barlow+Condensed:ital,wght@0,100;0,200;0,300;0,400;0,500;0,600;0,700;0,800;0,900;1,100;1,200;1,300;1,400;1,500;1,600;1,700;1,800;1,900&family=Bodoni+Moda:ital,opsz,wght@0,6..96,400..900;1,6..96,400..900&family=Great+Vibes&family=Instrument+Serif:ital@0;1&family=Inter:ital,opsz,wght@0,14..32,100..900;1,14..32,100..900&family=Merriweather:ital,opsz,wght@0,18..144,300..900;1,18..144,300..900&family=Montserrat:ital,wght@0,100..900;1,100..900&family=Oswald:wght@200..700&family=Outfit:wght@100..900&family=Playfair+Display:ital,wght@0,400..900;1,400..900&family=Quicksand:wght@300..700&family=Rubik:ital,wght@0,300..900;1,300..900&family=Smooch+Sans:wght@100..900&display=swap');
Ôöé @import url('https://fonts.googleapis.com/css2?family=Syne:wght@400;700;800&family=Outfit:wght@300;400;500&display=swap');
Ôöé @import url('https://fonts.googleapis.com/css2?family=Outfit:wght@300;400;500;600;700&display=swap');
Ôöå        ^-- @import rules must precede all rules aside from @charset and @layer statements
Ôöå
Ôöé nav {
Ôöé   font-family: "Quicksand", sans-serif;

node_modules/react-router/dist/development/index.mjs (11:0): Module level directives cause errors when bundled, "use client" in "node_modules/react-router/dist/development/index.mjs" was ignored.
node_modules/react-hot-toast/dist/index.mjs (1:0): Module level directives cause errors when bundled, "use client" in "node_modules/react-hot-toast/dist/index.mjs" was ignored.
node_modules/react-router/dist/development/dom-export.mjs (1:0): Module level directives cause errors when bundled, "use client" in "node_modules/react-router/dist/development/dom-export.mjs" was ignored.
[32mÔ£ô[39m 2157 modules transformed.
rendering chunks...
computing gzip size...
[2mdist/[22m[32mindex.html                     [39m[1m[2m    1.54 kB[22m[1m[22m[2m Ôöé gzip:   0.69 kB[22m
[2mdist/[22m[32massets/example2-DvIt6Kvp.jpg   [39m[1m[2m  120.76 kB[22m[1m[22m
[2mdist/[22m[32massets/exmaple-C1QEUz5F.png    [39m[1m[2m1,677.66 kB[22m[1m[22m
[2mdist/[22m[32massets/logowhite-lumjrjRD.png  [39m[1m[2m2,051.08 kB[22m[1m[22m
[2mdist/[22m[35massets/index-CNWbk2DR.css      [39m[1m[2m   56.36 kB[22m[1m[22m[2m Ôöé gzip:  14.45 kB[22m
[2mdist/[22m[36massets/index-W4K2fs5V.js       [39m[1m[33m1,028.03 kB[39m[22m[2m Ôöé gzip: 303.20 kB[22m

(!) Some chunks are larger than 500 kB after minification. Consider:
- Using dynamic import() to code-split the application
- Use build.rollupOptions.output.manualChunks to improve chunking: https://rollupjs.org/configuration-options/#output-manualchunks
- Adjust chunk size limit for this warning via build.chunkSizeWarningLimit.
[32mÔ£ô built in 29.76s[39m
